<html>
<body>
<pre>
<h1>礦ision Build Log</h1>
<h2>Tool Versions:</h2>
IDE-Version: μVision V5.25.2.0
Copyright (C) 2018 ARM Ltd and ARM Germany GmbH. All rights reserved.
License Information: Jack Chen, sz, LIC=3UUUH-WX9GG-MSZYP-M3ZGJ-1FV8H-UFI82
 
Tool Versions:
Toolchain:       MDK-ARM Professional  Version: 5.25.2.0
Toolchain Path:  D:\Keil_v5\ARM\ARMCC\Bin
C Compiler:      Armcc.exe V5.06 update 6 (build 750)
Assembler:       Armasm.exe V5.06 update 6 (build 750)
Linker/Locator:  ArmLink.exe V5.06 update 6 (build 750)
Library Manager: ArmAr.exe V5.06 update 6 (build 750)
Hex Converter:   FromElf.exe V5.06 update 6 (build 750)
CPU DLL:         SARMCM3.DLL V5.25.2.0
Dialog DLL:      DARMSTM.DLL V1.68.0.0
Target DLL:      STLink\ST-LINKIII-KEIL_SWO.dll V3.0.1.0
Dialog DLL:        TARMSTM.DLL   
 
<h2>Project:</h2>
C:\Users\ChenJack\Desktop\FT主控(fatfs)\USER\USART.uvprojx
Project File Date:  07/31/2018

<h2>Output:</h2>
*** Using Compiler 'V5.06 update 6 (build 750)', folder: 'D:\Keil_v5\ARM\ARMCC\Bin'
Rebuild target 'Target 1'
compiling main.c...
compiling led.c...
compiling checksum.c...
compiling stm32f10x_it.c...
compiling wifi.c...
compiling system_stm32f10x.c...
compiling control.c...
..\HARDWARE\CONTROL\control.c(50): warning:  #550-D: variable "res"  was set but never used
  	u8 res;
..\HARDWARE\CONTROL\control.c: 1 warning, 0 errors
compiling key.c...
compiling exti.c...
compiling MMC_SD.C...
compiling spi.c...
compiling delay.c...
assembling startup_stm32f10x_hd.s...
compiling core_cm3.c...
compiling LCD.c...
..\HARDWARE\LCD\LCD.c(408): warning:  #61-D: integer operation result is out of range
  	Rom_CS = 0;
..\HARDWARE\LCD\LCD.c(424): warning:  #61-D: integer operation result is out of range
  	Rom_CS=1;
..\HARDWARE\LCD\LCD.c(439): warning:  #61-D: integer operation result is out of range
  	Rom_CS = 0;
..\HARDWARE\LCD\LCD.c(455): warning:  #61-D: integer operation result is out of range
  	Rom_CS=1;
..\HARDWARE\LCD\LCD.c(470): warning:  #61-D: integer operation result is out of range
  	Rom_CS = 0;
..\HARDWARE\LCD\LCD.c(482): warning:  #61-D: integer operation result is out of range
  	Rom_CS=1;
..\HARDWARE\LCD\LCD.c(500): warning:  #61-D: integer operation result is out of range
  	LCD_RESET=0;
..\HARDWARE\LCD\LCD.c(502): warning:  #61-D: integer operation result is out of range
  	LCD_RESET=1;
..\HARDWARE\LCD\LCD.c(653): warning:  #61-D: integer operation result is out of range
  	LCD_CS=0;			//片选拉低
..\HARDWARE\LCD\LCD.c(654): warning:  #61-D: integer operation result is out of range
  	LCD_RS=Cmd_Dat;		//0:CMD  1:Data
..\HARDWARE\LCD\LCD.c(656): warning:  #61-D: integer operation result is out of range
  	LCD_CS=1;			//片选拉高
..\HARDWARE\LCD\LCD.c(674): warning:  #61-D: integer operation result is out of range
  		LCD_CLK=0;
..\HARDWARE\LCD\LCD.c(676): warning:  #61-D: integer operation result is out of range
  		if(byte&0x80)	LCD_SDA=1;
..\HARDWARE\LCD\LCD.c(677): warning:  #61-D: integer operation result is out of range
  		else		LCD_SDA=0;
..\HARDWARE\LCD\LCD.c(678): warning:  #61-D: integer operation result is out of range
  		LCD_CLK=1;
..\HARDWARE\LCD\LCD.c(699): warning:  #61-D: integer operation result is out of range
  		Rom_SCK=0;
..\HARDWARE\LCD\LCD.c(700): warning:  #61-D: integer operation result is out of range
  		if(byte&0x80)	Rom_IN=1;
..\HARDWARE\LCD\LCD.c(701): warning:  #61-D: integer operation result is out of range
  		else	Rom_IN=0;
..\HARDWARE\LCD\LCD.c(703): warning:  #61-D: integer operation result is out of range
  		Rom_SCK=1;
..\HARDWARE\LCD\LCD.c(705): warning:  #61-D: integer operation result is out of range
  		if(Rom_OUT)	ReceiveData|=0x01;
..\HARDWARE\LCD\LCD.c(706): warning:  #61-D: integer operation result is out of range
  		Rom_SCK=0;
..\HARDWARE\LCD\LCD.c: 21 warnings, 0 errors
compiling usart.c...
compiling sys.c...
compiling stm32f10x_gpio.c...
compiling stm32f10x_exti.c...
compiling misc.c...
compiling stm32f10x_spi.c...
compiling stm32f10x_usart.c...
compiling stm32f10x_rcc.c...
compiling stm32f10x_flash.c...
compiling malloc.c...
compiling usmart_str.c...
compiling exfuns.c...
compiling usmart.c...
compiling stm32f10x_tim.c...
compiling usmart_config.c...
compiling fattester.c...
..\FATFS\exfuns\fattester.c(92): warning:  #940-D: missing return statement at end of non-void function "mf_write" 
  }
..\FATFS\exfuns\fattester.c: 1 warning, 0 errors
compiling cc936.c...
compiling ff.c...
compiling diskio.c...
linking...
Program Size: Code=38190 RO-data=176566 RW-data=916 ZI-data=30652  
FromELF: creating hex file...
"..\OBJ\USART.axf" - 0 Error(s), 23 Warning(s).

<h2>Software Packages used:</h2>

Package Vendor: Keil
                http://www.keil.com/pack/Keil.STM32F1xx_DFP.2.2.0.pack
                Keil.STM32F1xx_DFP.2.2.0
                STMicroelectronics STM32F1 Series Device Support, Drivers and Examples

<h2>Collection of Component include folders:</h2>
  .\RTE\_Target_1
  D:\Keil_v5\ARM\PACK\Keil\STM32F1xx_DFP\2.2.0\Device\Include

<h2>Collection of Component Files used:</h2>
Build Time Elapsed:  00:00:04
</pre>
</body>
</html>
